// Jest Snapshot v1, https://goo.gl/fbAQLP

exports[`renders correctly 1`] = `
<View
  accessible={true}
  focusable={true}
  onClick={[Function]}
  onResponderGrant={[Function]}
  onResponderMove={[Function]}
  onResponderRelease={[Function]}
  onResponderTerminate={[Function]}
  onResponderTerminationRequest={[Function]}
  onStartShouldSetResponder={[Function]}
  style={
    Object {
      "alignItems": "center",
      "backgroundColor": "#44A4E3",
      "borderRadius": 8,
      "height": 50,
      "justifyContent": "center",
      "marginBottom": 16,
      "marginLeft": 0,
      "marginRight": 0,
      "marginTop": 16,
      "opacity": 1,
      "paddingBottom": 8,
      "paddingLeft": 8,
      "paddingRight": 8,
      "paddingTop": 8,
      "width": "90%",
    }
  }
>
  <Text
    style={
      Array [
        Object {
          "color": "#fff",
          "fontSize": 18,
          "fontWeight": "bold",
        },
      ]
    }
  >
    Button Text
  </Text>
</View>
`;
